[2.455s] DEBUG:colcon:Command line arguments: ['/usr/bin/colcon', 'build']
[2.456s] DEBUG:colcon:Parsed command line arguments: Namespace(log_base=None, log_level=None, verb_name='build', build_base='build', install_base='install', merge_install=False, symlink_install=False, test_result_base=None, continue_on_error=False, executor='parallel', parallel_workers=4, event_handlers=None, ignore_user_meta=False, metas=['./colcon.meta'], base_paths=['.'], packages_ignore=None, packages_ignore_regex=None, paths=None, packages_up_to=None, packages_up_to_regex=None, packages_above=None, packages_above_and_dependencies=None, packages_above_depth=None, packages_select_by_dep=None, packages_skip_by_dep=None, packages_skip_up_to=None, packages_select_build_failed=False, packages_skip_build_finished=False, packages_select_test_failures=False, packages_skip_test_passed=False, packages_select=None, packages_skip=None, packages_select_regex=None, packages_skip_regex=None, packages_start=None, packages_end=None, allow_overriding=[], cmake_args=None, cmake_target=None, cmake_target_skip_unavailable=False, cmake_clean_cache=False, cmake_clean_first=False, cmake_force_configure=False, ament_cmake_args=None, catkin_cmake_args=None, catkin_skip_building_tests=False, mixin_files=None, mixin=None, verb_parser=<colcon_mixin.mixin.mixin_argument.MixinArgumentDecorator object at 0x7971b55ad310>, verb_extension=<colcon_core.verb.build.BuildVerb object at 0x7971b666f500>, main=<bound method BuildVerb.main of <colcon_core.verb.build.BuildVerb object at 0x7971b666f500>>, mixin_verb=('build',))
[2.906s] Level 1:colcon.colcon_core.package_discovery:discover_packages(colcon_meta) check parameters
[2.907s] Level 1:colcon.colcon_core.package_discovery:discover_packages(recursive) check parameters
[2.907s] Level 1:colcon.colcon_core.package_discovery:discover_packages(ignore) check parameters
[2.907s] Level 1:colcon.colcon_core.package_discovery:discover_packages(path) check parameters
[2.907s] Level 1:colcon.colcon_core.package_discovery:discover_packages(colcon_meta) discover
[2.907s] Level 1:colcon.colcon_core.package_discovery:discover_packages(recursive) discover
[2.907s] INFO:colcon.colcon_core.package_discovery:Crawling recursively for packages in '/home/evang/projects/zefiro/Autopilot/zefiro_autonomy'
[2.908s] Level 1:colcon.colcon_core.package_identification:_identify(.) by extensions ['ignore', 'ignore_ament_install']
[2.908s] Level 1:colcon.colcon_core.package_identification:_identify(.) by extension 'ignore'
[2.908s] Level 1:colcon.colcon_core.package_identification:_identify(.) by extension 'ignore_ament_install'
[2.908s] Level 1:colcon.colcon_core.package_identification:_identify(.) by extensions ['colcon_pkg']
[2.908s] Level 1:colcon.colcon_core.package_identification:_identify(.) by extension 'colcon_pkg'
[2.908s] Level 1:colcon.colcon_core.package_identification:_identify(.) by extensions ['colcon_meta']
[2.908s] Level 1:colcon.colcon_core.package_identification:_identify(.) by extension 'colcon_meta'
[2.908s] Level 1:colcon.colcon_core.package_identification:_identify(.) by extensions ['ros']
[2.909s] Level 1:colcon.colcon_core.package_identification:_identify(.) by extension 'ros'
[3.210s] Level 1:colcon.colcon_core.package_identification:_identify(.) by extensions ['cmake', 'python']
[3.210s] Level 1:colcon.colcon_core.package_identification:_identify(.) by extension 'cmake'
[3.210s] Level 1:colcon.colcon_core.package_identification:_identify(.) by extension 'python'
[3.210s] Level 1:colcon.colcon_core.package_identification:_identify(.) by extensions ['python_setup_py']
[3.211s] Level 1:colcon.colcon_core.package_identification:_identify(.) by extension 'python_setup_py'
[3.212s] Level 1:colcon.colcon_core.package_identification:_identify(build) by extensions ['ignore', 'ignore_ament_install']
[3.212s] Level 1:colcon.colcon_core.package_identification:_identify(build) by extension 'ignore'
[3.213s] Level 1:colcon.colcon_core.package_identification:_identify(build) ignored
[3.215s] Level 1:colcon.colcon_core.package_identification:_identify(docs) by extensions ['ignore', 'ignore_ament_install']
[3.216s] Level 1:colcon.colcon_core.package_identification:_identify(docs) by extension 'ignore'
[3.216s] Level 1:colcon.colcon_core.package_identification:_identify(docs) by extension 'ignore_ament_install'
[3.217s] Level 1:colcon.colcon_core.package_identification:_identify(docs) by extensions ['colcon_pkg']
[3.217s] Level 1:colcon.colcon_core.package_identification:_identify(docs) by extension 'colcon_pkg'
[3.217s] Level 1:colcon.colcon_core.package_identification:_identify(docs) by extensions ['colcon_meta']
[3.217s] Level 1:colcon.colcon_core.package_identification:_identify(docs) by extension 'colcon_meta'
[3.217s] Level 1:colcon.colcon_core.package_identification:_identify(docs) by extensions ['ros']
[3.217s] Level 1:colcon.colcon_core.package_identification:_identify(docs) by extension 'ros'
[3.218s] Level 1:colcon.colcon_core.package_identification:_identify(docs) by extensions ['cmake', 'python']
[3.218s] Level 1:colcon.colcon_core.package_identification:_identify(docs) by extension 'cmake'
[3.218s] Level 1:colcon.colcon_core.package_identification:_identify(docs) by extension 'python'
[3.218s] Level 1:colcon.colcon_core.package_identification:_identify(docs) by extensions ['python_setup_py']
[3.218s] Level 1:colcon.colcon_core.package_identification:_identify(docs) by extension 'python_setup_py'
[3.219s] Level 1:colcon.colcon_core.package_identification:_identify(install) by extensions ['ignore', 'ignore_ament_install']
[3.219s] Level 1:colcon.colcon_core.package_identification:_identify(install) by extension 'ignore'
[3.219s] Level 1:colcon.colcon_core.package_identification:_identify(install) ignored
[3.220s] Level 1:colcon.colcon_core.package_identification:_identify(log) by extensions ['ignore', 'ignore_ament_install']
[3.220s] Level 1:colcon.colcon_core.package_identification:_identify(log) by extension 'ignore'
[3.220s] Level 1:colcon.colcon_core.package_identification:_identify(log) ignored
[3.221s] Level 1:colcon.colcon_core.package_identification:_identify(src) by extensions ['ignore', 'ignore_ament_install']
[3.222s] Level 1:colcon.colcon_core.package_identification:_identify(src) by extension 'ignore'
[3.222s] Level 1:colcon.colcon_core.package_identification:_identify(src) by extension 'ignore_ament_install'
[3.222s] Level 1:colcon.colcon_core.package_identification:_identify(src) by extensions ['colcon_pkg']
[3.222s] Level 1:colcon.colcon_core.package_identification:_identify(src) by extension 'colcon_pkg'
[3.222s] Level 1:colcon.colcon_core.package_identification:_identify(src) by extensions ['colcon_meta']
[3.222s] Level 1:colcon.colcon_core.package_identification:_identify(src) by extension 'colcon_meta'
[3.222s] Level 1:colcon.colcon_core.package_identification:_identify(src) by extensions ['ros']
[3.222s] Level 1:colcon.colcon_core.package_identification:_identify(src) by extension 'ros'
[3.223s] Level 1:colcon.colcon_core.package_identification:_identify(src) by extensions ['cmake', 'python']
[3.223s] Level 1:colcon.colcon_core.package_identification:_identify(src) by extension 'cmake'
[3.223s] Level 1:colcon.colcon_core.package_identification:_identify(src) by extension 'python'
[3.223s] Level 1:colcon.colcon_core.package_identification:_identify(src) by extensions ['python_setup_py']
[3.223s] Level 1:colcon.colcon_core.package_identification:_identify(src) by extension 'python_setup_py'
[3.225s] Level 1:colcon.colcon_core.package_identification:_identify(src/zefiro_demo) by extensions ['ignore', 'ignore_ament_install']
[3.225s] Level 1:colcon.colcon_core.package_identification:_identify(src/zefiro_demo) by extension 'ignore'
[3.226s] Level 1:colcon.colcon_core.package_identification:_identify(src/zefiro_demo) by extension 'ignore_ament_install'
[3.226s] Level 1:colcon.colcon_core.package_identification:_identify(src/zefiro_demo) by extensions ['colcon_pkg']
[3.226s] Level 1:colcon.colcon_core.package_identification:_identify(src/zefiro_demo) by extension 'colcon_pkg'
[3.226s] Level 1:colcon.colcon_core.package_identification:_identify(src/zefiro_demo) by extensions ['colcon_meta']
[3.227s] Level 1:colcon.colcon_core.package_identification:_identify(src/zefiro_demo) by extension 'colcon_meta'
[3.227s] Level 1:colcon.colcon_core.package_identification:_identify(src/zefiro_demo) by extensions ['ros']
[3.227s] Level 1:colcon.colcon_core.package_identification:_identify(src/zefiro_demo) by extension 'ros'
[3.266s] DEBUG:colcon.colcon_core.package_identification:Package 'src/zefiro_demo' with type 'ros.ament_python' and name 'zefiro_demo'
[3.266s] Level 1:colcon.colcon_core.package_discovery:discover_packages(recursive) using defaults
[3.267s] Level 1:colcon.colcon_core.package_discovery:discover_packages(ignore) discover
[3.267s] Level 1:colcon.colcon_core.package_discovery:discover_packages(ignore) using defaults
[3.267s] Level 1:colcon.colcon_core.package_discovery:discover_packages(path) discover
[3.267s] Level 1:colcon.colcon_core.package_discovery:discover_packages(path) using defaults
[3.487s] Level 1:colcon.colcon_core.package_discovery:discover_packages(prefix_path) check parameters
[3.488s] Level 1:colcon.colcon_core.package_discovery:discover_packages(prefix_path) discover
[3.514s] DEBUG:colcon.colcon_installed_package_information.package_discovery:Found 1 installed packages in /home/evang/projects/zefiro/Autopilot/zefiro_autonomy/install
[3.519s] DEBUG:colcon.colcon_installed_package_information.package_discovery:Found 286 installed packages in /opt/ros/jazzy
[3.527s] Level 1:colcon.colcon_core.package_discovery:discover_packages(prefix_path) using defaults
[3.809s] Level 5:colcon.colcon_core.verb:set package 'zefiro_demo' build argument 'cmake_args' from command line to 'None'
[3.809s] Level 5:colcon.colcon_core.verb:set package 'zefiro_demo' build argument 'cmake_target' from command line to 'None'
[3.809s] Level 5:colcon.colcon_core.verb:set package 'zefiro_demo' build argument 'cmake_target_skip_unavailable' from command line to 'False'
[3.809s] Level 5:colcon.colcon_core.verb:set package 'zefiro_demo' build argument 'cmake_clean_cache' from command line to 'False'
[3.809s] Level 5:colcon.colcon_core.verb:set package 'zefiro_demo' build argument 'cmake_clean_first' from command line to 'False'
[3.809s] Level 5:colcon.colcon_core.verb:set package 'zefiro_demo' build argument 'cmake_force_configure' from command line to 'False'
[3.809s] Level 5:colcon.colcon_core.verb:set package 'zefiro_demo' build argument 'ament_cmake_args' from command line to 'None'
[3.809s] Level 5:colcon.colcon_core.verb:set package 'zefiro_demo' build argument 'catkin_cmake_args' from command line to 'None'
[3.810s] Level 5:colcon.colcon_core.verb:set package 'zefiro_demo' build argument 'catkin_skip_building_tests' from command line to 'False'
[3.810s] DEBUG:colcon.colcon_core.verb:Building package 'zefiro_demo' with the following arguments: {'ament_cmake_args': None, 'build_base': '/home/evang/projects/zefiro/Autopilot/zefiro_autonomy/build/zefiro_demo', 'catkin_cmake_args': None, 'catkin_skip_building_tests': False, 'cmake_args': None, 'cmake_clean_cache': False, 'cmake_clean_first': False, 'cmake_force_configure': False, 'cmake_target': None, 'cmake_target_skip_unavailable': False, 'install_base': '/home/evang/projects/zefiro/Autopilot/zefiro_autonomy/install/zefiro_demo', 'merge_install': False, 'path': '/home/evang/projects/zefiro/Autopilot/zefiro_autonomy/src/zefiro_demo', 'symlink_install': False, 'test_result_base': None}
[3.810s] INFO:colcon.colcon_core.executor:Executing jobs using 'parallel' executor
[3.816s] DEBUG:colcon.colcon_parallel_executor.executor.parallel:run_until_complete
[3.817s] INFO:colcon.colcon_ros.task.ament_python.build:Building ROS package in '/home/evang/projects/zefiro/Autopilot/zefiro_autonomy/src/zefiro_demo' with build type 'ament_python'
[3.818s] Level 1:colcon.colcon_core.shell:create_environment_hook('zefiro_demo', 'ament_prefix_path')
[3.864s] INFO:colcon.colcon_core.plugin_system:Skipping extension 'colcon_core.shell.bat': Not used on non-Windows systems
[3.865s] INFO:colcon.colcon_core.shell:Creating environment hook '/home/evang/projects/zefiro/Autopilot/zefiro_autonomy/install/zefiro_demo/share/zefiro_demo/hook/ament_prefix_path.ps1'
[3.870s] INFO:colcon.colcon_core.shell:Creating environment descriptor '/home/evang/projects/zefiro/Autopilot/zefiro_autonomy/install/zefiro_demo/share/zefiro_demo/hook/ament_prefix_path.dsv'
[3.873s] INFO:colcon.colcon_core.shell:Creating environment hook '/home/evang/projects/zefiro/Autopilot/zefiro_autonomy/install/zefiro_demo/share/zefiro_demo/hook/ament_prefix_path.sh'
[3.876s] INFO:colcon.colcon_core.shell:Skip shell extension 'powershell' for command environment: Not usable outside of PowerShell
[3.877s] DEBUG:colcon.colcon_core.shell:Skip shell extension 'dsv' for command environment
[5.611s] INFO:colcon.colcon_core.task.python.build:Building Python package in '/home/evang/projects/zefiro/Autopilot/zefiro_autonomy/src/zefiro_demo'
[5.611s] INFO:colcon.colcon_core.shell:Skip shell extension 'powershell' for command environment: Not usable outside of PowerShell
[5.611s] DEBUG:colcon.colcon_core.shell:Skip shell extension 'dsv' for command environment
[11.083s] DEBUG:colcon.colcon_core.event_handler.log_command:Invoking command in '/home/evang/projects/zefiro/Autopilot/zefiro_autonomy/src/zefiro_demo': DEBUGINFOD_URLS=https://debuginfod.ubuntu.com PYTHONPATH=/home/evang/projects/zefiro/Autopilot/zefiro_autonomy/build/zefiro_demo/prefix_override:/usr/lib/python3/dist-packages/colcon_core/task/python/colcon_distutils_commands:/home/evang/projects/zefiro/Autopilot/zefiro_autonomy/install/zefiro_demo/lib/python3.12/site-packages:${PYTHONPATH} /usr/bin/python3 -W ignore:setup.py install is deprecated -W ignore:easy_install command is deprecated setup.py egg_info --egg-base ../../build/zefiro_demo build --build-base /home/evang/projects/zefiro/Autopilot/zefiro_autonomy/build/zefiro_demo/build install --record /home/evang/projects/zefiro/Autopilot/zefiro_autonomy/build/zefiro_demo/install.log --single-version-externally-managed install_data
[13.886s] DEBUG:colcon.colcon_core.event_handler.log_command:Invoked command in '/home/evang/projects/zefiro/Autopilot/zefiro_autonomy/src/zefiro_demo' returned '0': DEBUGINFOD_URLS=https://debuginfod.ubuntu.com PYTHONPATH=/home/evang/projects/zefiro/Autopilot/zefiro_autonomy/build/zefiro_demo/prefix_override:/usr/lib/python3/dist-packages/colcon_core/task/python/colcon_distutils_commands:/home/evang/projects/zefiro/Autopilot/zefiro_autonomy/install/zefiro_demo/lib/python3.12/site-packages:${PYTHONPATH} /usr/bin/python3 -W ignore:setup.py install is deprecated -W ignore:easy_install command is deprecated setup.py egg_info --egg-base ../../build/zefiro_demo build --build-base /home/evang/projects/zefiro/Autopilot/zefiro_autonomy/build/zefiro_demo/build install --record /home/evang/projects/zefiro/Autopilot/zefiro_autonomy/build/zefiro_demo/install.log --single-version-externally-managed install_data
[13.925s] Level 1:colcon.colcon_core.environment:checking '/home/evang/projects/zefiro/Autopilot/zefiro_autonomy/install/zefiro_demo' for CMake module files
[13.929s] Level 1:colcon.colcon_core.environment:checking '/home/evang/projects/zefiro/Autopilot/zefiro_autonomy/install/zefiro_demo' for CMake config files
[13.944s] Level 1:colcon.colcon_core.environment:checking '/home/evang/projects/zefiro/Autopilot/zefiro_autonomy/install/zefiro_demo/lib'
[13.945s] Level 1:colcon.colcon_core.environment:checking '/home/evang/projects/zefiro/Autopilot/zefiro_autonomy/install/zefiro_demo/bin'
[13.945s] Level 1:colcon.colcon_core.environment:checking '/home/evang/projects/zefiro/Autopilot/zefiro_autonomy/install/zefiro_demo/lib/pkgconfig/zefiro_demo.pc'
[13.946s] Level 1:colcon.colcon_core.environment:checking '/home/evang/projects/zefiro/Autopilot/zefiro_autonomy/install/zefiro_demo/lib/python3.12/site-packages'
[13.947s] Level 1:colcon.colcon_core.shell:create_environment_hook('zefiro_demo', 'pythonpath')
[13.947s] INFO:colcon.colcon_core.shell:Creating environment hook '/home/evang/projects/zefiro/Autopilot/zefiro_autonomy/install/zefiro_demo/share/zefiro_demo/hook/pythonpath.ps1'
[13.949s] INFO:colcon.colcon_core.shell:Creating environment descriptor '/home/evang/projects/zefiro/Autopilot/zefiro_autonomy/install/zefiro_demo/share/zefiro_demo/hook/pythonpath.dsv'
[13.950s] INFO:colcon.colcon_core.shell:Creating environment hook '/home/evang/projects/zefiro/Autopilot/zefiro_autonomy/install/zefiro_demo/share/zefiro_demo/hook/pythonpath.sh'
[13.952s] Level 1:colcon.colcon_core.environment:checking '/home/evang/projects/zefiro/Autopilot/zefiro_autonomy/install/zefiro_demo/bin'
[13.952s] Level 1:colcon.colcon_core.environment:create_environment_scripts_only(zefiro_demo)
[13.953s] INFO:colcon.colcon_core.shell:Creating package script '/home/evang/projects/zefiro/Autopilot/zefiro_autonomy/install/zefiro_demo/share/zefiro_demo/package.ps1'
[13.961s] INFO:colcon.colcon_core.shell:Creating package descriptor '/home/evang/projects/zefiro/Autopilot/zefiro_autonomy/install/zefiro_demo/share/zefiro_demo/package.dsv'
[13.968s] INFO:colcon.colcon_core.shell:Creating package script '/home/evang/projects/zefiro/Autopilot/zefiro_autonomy/install/zefiro_demo/share/zefiro_demo/package.sh'
[13.976s] INFO:colcon.colcon_core.shell:Creating package script '/home/evang/projects/zefiro/Autopilot/zefiro_autonomy/install/zefiro_demo/share/zefiro_demo/package.bash'
[13.982s] INFO:colcon.colcon_core.shell:Creating package script '/home/evang/projects/zefiro/Autopilot/zefiro_autonomy/install/zefiro_demo/share/zefiro_demo/package.zsh'
[13.990s] Level 1:colcon.colcon_core.environment:create_file_with_runtime_dependencies(/home/evang/projects/zefiro/Autopilot/zefiro_autonomy/install/zefiro_demo/share/colcon-core/packages/zefiro_demo)
[13.995s] DEBUG:colcon.colcon_parallel_executor.executor.parallel:closing loop
[14.000s] DEBUG:colcon.colcon_parallel_executor.executor.parallel:loop closed
[14.002s] DEBUG:colcon.colcon_parallel_executor.executor.parallel:run_until_complete finished with '0'
[14.003s] DEBUG:colcon.colcon_core.event_reactor:joining thread
[14.089s] INFO:colcon.colcon_core.plugin_system:Skipping extension 'colcon_notification.desktop_notification.terminal_notifier': Not used on non-Darwin systems
[14.089s] INFO:colcon.colcon_core.plugin_system:Skipping extension 'colcon_notification.desktop_notification.win32': Not used on non-Windows systems
[14.089s] INFO:colcon.colcon_notification.desktop_notification:Sending desktop notification using 'notify2'
[14.143s] DEBUG:colcon.colcon_notification.desktop_notification.notify2:Failed to initialize notify2: org.freedesktop.DBus.Error.ServiceUnknown: The name org.freedesktop.Notifications was not provided by any .service files
[14.144s] DEBUG:colcon.colcon_core.event_reactor:joined thread
[14.146s] INFO:colcon.colcon_core.shell:Creating prefix script '/home/evang/projects/zefiro/Autopilot/zefiro_autonomy/install/local_setup.ps1'
[14.157s] INFO:colcon.colcon_core.shell:Creating prefix util module '/home/evang/projects/zefiro/Autopilot/zefiro_autonomy/install/_local_setup_util_ps1.py'
[14.162s] INFO:colcon.colcon_core.shell:Creating prefix chain script '/home/evang/projects/zefiro/Autopilot/zefiro_autonomy/install/setup.ps1'
[14.167s] INFO:colcon.colcon_core.shell:Creating prefix script '/home/evang/projects/zefiro/Autopilot/zefiro_autonomy/install/local_setup.sh'
[14.171s] INFO:colcon.colcon_core.shell:Creating prefix util module '/home/evang/projects/zefiro/Autopilot/zefiro_autonomy/install/_local_setup_util_sh.py'
[14.174s] INFO:colcon.colcon_core.shell:Creating prefix chain script '/home/evang/projects/zefiro/Autopilot/zefiro_autonomy/install/setup.sh'
[14.178s] INFO:colcon.colcon_core.shell:Creating prefix script '/home/evang/projects/zefiro/Autopilot/zefiro_autonomy/install/local_setup.bash'
[14.181s] INFO:colcon.colcon_core.shell:Creating prefix chain script '/home/evang/projects/zefiro/Autopilot/zefiro_autonomy/install/setup.bash'
[14.186s] INFO:colcon.colcon_core.shell:Creating prefix script '/home/evang/projects/zefiro/Autopilot/zefiro_autonomy/install/local_setup.zsh'
[14.192s] INFO:colcon.colcon_core.shell:Creating prefix chain script '/home/evang/projects/zefiro/Autopilot/zefiro_autonomy/install/setup.zsh'
