/home/evang/projects/zefiro/Autopilot/zefiro_autonomy/install/zefiro_demo/lib/python3.12/site-packages/zefiro_demo/__init__.py
/home/evang/projects/zefiro/Autopilot/zefiro_autonomy/install/zefiro_demo/lib/python3.12/site-packages/zefiro_demo/fake_goal_velocity_node.py
/home/evang/projects/zefiro/Autopilot/zefiro_autonomy/install/zefiro_demo/lib/python3.12/site-packages/zefiro_demo/logger_node.py
/home/evang/projects/zefiro/Autopilot/zefiro_autonomy/install/zefiro_demo/lib/python3.12/site-packages/zefiro_demo/fake_front_clearance_node.py
/home/evang/projects/zefiro/Autopilot/zefiro_autonomy/install/zefiro_demo/lib/python3.12/site-packages/zefiro_demo/avoidance_node.py
/home/evang/projects/zefiro/Autopilot/zefiro_autonomy/install/zefiro_demo/lib/python3.12/site-packages/zefiro_demo/__pycache__/__init__.cpython-312.pyc
/home/evang/projects/zefiro/Autopilot/zefiro_autonomy/install/zefiro_demo/lib/python3.12/site-packages/zefiro_demo/__pycache__/fake_goal_velocity_node.cpython-312.pyc
/home/evang/projects/zefiro/Autopilot/zefiro_autonomy/install/zefiro_demo/lib/python3.12/site-packages/zefiro_demo/__pycache__/logger_node.cpython-312.pyc
/home/evang/projects/zefiro/Autopilot/zefiro_autonomy/install/zefiro_demo/lib/python3.12/site-packages/zefiro_demo/__pycache__/fake_front_clearance_node.cpython-312.pyc
/home/evang/projects/zefiro/Autopilot/zefiro_autonomy/install/zefiro_demo/lib/python3.12/site-packages/zefiro_demo/__pycache__/avoidance_node.cpython-312.pyc
/home/evang/projects/zefiro/Autopilot/zefiro_autonomy/install/zefiro_demo/share/ament_index/resource_index/packages/zefiro_demo
/home/evang/projects/zefiro/Autopilot/zefiro_autonomy/install/zefiro_demo/share/zefiro_demo/package.xml
/home/evang/projects/zefiro/Autopilot/zefiro_autonomy/install/zefiro_demo/share/zefiro_demo/launch/demo_fake_avoidance.launch.py
/home/evang/projects/zefiro/Autopilot/zefiro_autonomy/install/zefiro_demo/lib/python3.12/site-packages/zefiro_demo-0.1.0-py3.12.egg-info/dependency_links.txt
/home/evang/projects/zefiro/Autopilot/zefiro_autonomy/install/zefiro_demo/lib/python3.12/site-packages/zefiro_demo-0.1.0-py3.12.egg-info/requires.txt
/home/evang/projects/zefiro/Autopilot/zefiro_autonomy/install/zefiro_demo/lib/python3.12/site-packages/zefiro_demo-0.1.0-py3.12.egg-info/zip-safe
/home/evang/projects/zefiro/Autopilot/zefiro_autonomy/install/zefiro_demo/lib/python3.12/site-packages/zefiro_demo-0.1.0-py3.12.egg-info/top_level.txt
/home/evang/projects/zefiro/Autopilot/zefiro_autonomy/install/zefiro_demo/lib/python3.12/site-packages/zefiro_demo-0.1.0-py3.12.egg-info/SOURCES.txt
/home/evang/projects/zefiro/Autopilot/zefiro_autonomy/install/zefiro_demo/lib/python3.12/site-packages/zefiro_demo-0.1.0-py3.12.egg-info/PKG-INFO
/home/evang/projects/zefiro/Autopilot/zefiro_autonomy/install/zefiro_demo/lib/python3.12/site-packages/zefiro_demo-0.1.0-py3.12.egg-info/entry_points.txt
/home/evang/projects/zefiro/Autopilot/zefiro_autonomy/install/zefiro_demo/lib/zefiro_demo/avoidance_node
/home/evang/projects/zefiro/Autopilot/zefiro_autonomy/install/zefiro_demo/lib/zefiro_demo/fake_front_clearance_node
/home/evang/projects/zefiro/Autopilot/zefiro_autonomy/install/zefiro_demo/lib/zefiro_demo/fake_goal_velocity_node
/home/evang/projects/zefiro/Autopilot/zefiro_autonomy/install/zefiro_demo/lib/zefiro_demo/logger_node
