[7.248s] Invoking command in '/home/evang/projects/zefiro/Autopilot/zefiro_autonomy/src/zefiro_demo': DEBUGINFOD_URLS=https://debuginfod.ubuntu.com PYTHONPATH=/home/evang/projects/zefiro/Autopilot/zefiro_autonomy/build/zefiro_demo/prefix_override:/usr/lib/python3/dist-packages/colcon_core/task/python/colcon_distutils_commands:/home/evang/projects/zefiro/Autopilot/zefiro_autonomy/install/zefiro_demo/lib/python3.12/site-packages:${PYTHONPATH} /usr/bin/python3 -W ignore:setup.py install is deprecated -W ignore:easy_install command is deprecated setup.py egg_info --egg-base ../../build/zefiro_demo build --build-base /home/evang/projects/zefiro/Autopilot/zefiro_autonomy/build/zefiro_demo/build install --record /home/evang/projects/zefiro/Autopilot/zefiro_autonomy/build/zefiro_demo/install.log --single-version-externally-managed install_data
[8.472s] running egg_info
[8.555s] writing ../../build/zefiro_demo/zefiro_demo.egg-info/PKG-INFO
[8.558s] writing dependency_links to ../../build/zefiro_demo/zefiro_demo.egg-info/dependency_links.txt
[8.561s] writing entry points to ../../build/zefiro_demo/zefiro_demo.egg-info/entry_points.txt
[8.562s] writing requirements to ../../build/zefiro_demo/zefiro_demo.egg-info/requires.txt
[8.562s] writing top-level names to ../../build/zefiro_demo/zefiro_demo.egg-info/top_level.txt
[8.764s] reading manifest file '../../build/zefiro_demo/zefiro_demo.egg-info/SOURCES.txt'
[8.773s] writing manifest file '../../build/zefiro_demo/zefiro_demo.egg-info/SOURCES.txt'
[8.774s] running build
[8.775s] running build_py
[8.779s] running install
[8.810s] running install_lib
[8.922s] running install_data
[8.923s] running install_egg_info
[9.027s] removing '/home/evang/projects/zefiro/Autopilot/zefiro_autonomy/install/zefiro_demo/lib/python3.12/site-packages/zefiro_demo-0.1.0-py3.12.egg-info' (and everything under it)
[9.045s] Copying ../../build/zefiro_demo/zefiro_demo.egg-info to /home/evang/projects/zefiro/Autopilot/zefiro_autonomy/install/zefiro_demo/lib/python3.12/site-packages/zefiro_demo-0.1.0-py3.12.egg-info
[9.058s] running install_scripts
[9.814s] Installing avoidance_node script to /home/evang/projects/zefiro/Autopilot/zefiro_autonomy/install/zefiro_demo/lib/zefiro_demo
[9.815s] Installing fake_front_clearance_node script to /home/evang/projects/zefiro/Autopilot/zefiro_autonomy/install/zefiro_demo/lib/zefiro_demo
[9.816s] Installing fake_goal_velocity_node script to /home/evang/projects/zefiro/Autopilot/zefiro_autonomy/install/zefiro_demo/lib/zefiro_demo
[9.817s] Installing logger_node script to /home/evang/projects/zefiro/Autopilot/zefiro_autonomy/install/zefiro_demo/lib/zefiro_demo
[9.819s] writing list of installed files to '/home/evang/projects/zefiro/Autopilot/zefiro_autonomy/build/zefiro_demo/install.log'
[10.051s] Invoked command in '/home/evang/projects/zefiro/Autopilot/zefiro_autonomy/src/zefiro_demo' returned '0': DEBUGINFOD_URLS=https://debuginfod.ubuntu.com PYTHONPATH=/home/evang/projects/zefiro/Autopilot/zefiro_autonomy/build/zefiro_demo/prefix_override:/usr/lib/python3/dist-packages/colcon_core/task/python/colcon_distutils_commands:/home/evang/projects/zefiro/Autopilot/zefiro_autonomy/install/zefiro_demo/lib/python3.12/site-packages:${PYTHONPATH} /usr/bin/python3 -W ignore:setup.py install is deprecated -W ignore:easy_install command is deprecated setup.py egg_info --egg-base ../../build/zefiro_demo build --build-base /home/evang/projects/zefiro/Autopilot/zefiro_autonomy/build/zefiro_demo/build install --record /home/evang/projects/zefiro/Autopilot/zefiro_autonomy/build/zefiro_demo/install.log --single-version-externally-managed install_data
