[3.750s] Invoking command in '/home/evang/projects/zefiro/Autopilot/zefiro_autonomy/src/zefiro_demo': DEBUGINFOD_URLS=https://debuginfod.ubuntu.com PYTHONPATH=/home/evang/projects/zefiro/Autopilot/zefiro_autonomy/build/zefiro_demo/prefix_override:/usr/lib/python3/dist-packages/colcon_core/task/python/colcon_distutils_commands:/home/evang/projects/zefiro/Autopilot/zefiro_autonomy/install/zefiro_demo/lib/python3.12/site-packages:${PYTHONPATH} /usr/bin/python3 -W ignore:setup.py install is deprecated -W ignore:easy_install command is deprecated setup.py egg_info --egg-base ../../build/zefiro_demo build --build-base /home/evang/projects/zefiro/Autopilot/zefiro_autonomy/build/zefiro_demo/build install --record /home/evang/projects/zefiro/Autopilot/zefiro_autonomy/build/zefiro_demo/install.log --single-version-externally-managed install_data
[4.592s] running egg_info
[4.646s] writing ../../build/zefiro_demo/zefiro_demo.egg-info/PKG-INFO
[4.647s] writing dependency_links to ../../build/zefiro_demo/zefiro_demo.egg-info/dependency_links.txt
[4.652s] writing entry points to ../../build/zefiro_demo/zefiro_demo.egg-info/entry_points.txt
[4.652s] writing requirements to ../../build/zefiro_demo/zefiro_demo.egg-info/requires.txt
[4.652s] writing top-level names to ../../build/zefiro_demo/zefiro_demo.egg-info/top_level.txt
[4.763s] reading manifest file '../../build/zefiro_demo/zefiro_demo.egg-info/SOURCES.txt'
[4.767s] writing manifest file '../../build/zefiro_demo/zefiro_demo.egg-info/SOURCES.txt'
[4.767s] running build
[4.767s] running build_py
[4.769s] running install
[4.783s] running install_lib
[4.837s] running install_data
[4.837s] running install_egg_info
[4.892s] removing '/home/evang/projects/zefiro/Autopilot/zefiro_autonomy/install/zefiro_demo/lib/python3.12/site-packages/zefiro_demo-0.1.0-py3.12.egg-info' (and everything under it)
[4.894s] Copying ../../build/zefiro_demo/zefiro_demo.egg-info to /home/evang/projects/zefiro/Autopilot/zefiro_autonomy/install/zefiro_demo/lib/python3.12/site-packages/zefiro_demo-0.1.0-py3.12.egg-info
[4.900s] running install_scripts
[5.243s] Installing avoidance_node script to /home/evang/projects/zefiro/Autopilot/zefiro_autonomy/install/zefiro_demo/lib/zefiro_demo
[5.244s] Installing fake_front_clearance_node script to /home/evang/projects/zefiro/Autopilot/zefiro_autonomy/install/zefiro_demo/lib/zefiro_demo
[5.245s] Installing fake_goal_velocity_node script to /home/evang/projects/zefiro/Autopilot/zefiro_autonomy/install/zefiro_demo/lib/zefiro_demo
[5.245s] Installing logger_node script to /home/evang/projects/zefiro/Autopilot/zefiro_autonomy/install/zefiro_demo/lib/zefiro_demo
[5.246s] writing list of installed files to '/home/evang/projects/zefiro/Autopilot/zefiro_autonomy/build/zefiro_demo/install.log'
[5.325s] Invoked command in '/home/evang/projects/zefiro/Autopilot/zefiro_autonomy/src/zefiro_demo' returned '0': DEBUGINFOD_URLS=https://debuginfod.ubuntu.com PYTHONPATH=/home/evang/projects/zefiro/Autopilot/zefiro_autonomy/build/zefiro_demo/prefix_override:/usr/lib/python3/dist-packages/colcon_core/task/python/colcon_distutils_commands:/home/evang/projects/zefiro/Autopilot/zefiro_autonomy/install/zefiro_demo/lib/python3.12/site-packages:${PYTHONPATH} /usr/bin/python3 -W ignore:setup.py install is deprecated -W ignore:easy_install command is deprecated setup.py egg_info --egg-base ../../build/zefiro_demo build --build-base /home/evang/projects/zefiro/Autopilot/zefiro_autonomy/build/zefiro_demo/build install --record /home/evang/projects/zefiro/Autopilot/zefiro_autonomy/build/zefiro_demo/install.log --single-version-externally-managed install_data
