[0.753s] DEBUG:colcon:Command line arguments: ['/usr/bin/colcon', 'build']
[0.754s] DEBUG:colcon:Parsed command line arguments: Namespace(log_base=None, log_level=None, verb_name='build', build_base='build', install_base='install', merge_install=False, symlink_install=False, test_result_base=None, continue_on_error=False, executor='parallel', parallel_workers=4, event_handlers=None, ignore_user_meta=False, metas=['./colcon.meta'], base_paths=['.'], packages_ignore=None, packages_ignore_regex=None, paths=None, packages_up_to=None, packages_up_to_regex=None, packages_above=None, packages_above_and_dependencies=None, packages_above_depth=None, packages_select_by_dep=None, packages_skip_by_dep=None, packages_skip_up_to=None, packages_select_build_failed=False, packages_skip_build_finished=False, packages_select_test_failures=False, packages_skip_test_passed=False, packages_select=None, packages_skip=None, packages_select_regex=None, packages_skip_regex=None, packages_start=None, packages_end=None, allow_overriding=[], cmake_args=None, cmake_target=None, cmake_target_skip_unavailable=False, cmake_clean_cache=False, cmake_clean_first=False, cmake_force_configure=False, ament_cmake_args=None, catkin_cmake_args=None, catkin_skip_building_tests=False, mixin_files=None, mixin=None, verb_parser=<colcon_mixin.mixin.mixin_argument.MixinArgumentDecorator object at 0x74ab999fde20>, verb_extension=<colcon_core.verb.build.BuildVerb object at 0x74ab9994b1d0>, main=<bound method BuildVerb.main of <colcon_core.verb.build.BuildVerb object at 0x74ab9994b1d0>>, mixin_verb=('build',))
[0.852s] Level 1:colcon.colcon_core.package_discovery:discover_packages(colcon_meta) check parameters
[0.853s] Level 1:colcon.colcon_core.package_discovery:discover_packages(recursive) check parameters
[0.853s] Level 1:colcon.colcon_core.package_discovery:discover_packages(ignore) check parameters
[0.853s] Level 1:colcon.colcon_core.package_discovery:discover_packages(path) check parameters
[0.853s] Level 1:colcon.colcon_core.package_discovery:discover_packages(colcon_meta) discover
[0.853s] Level 1:colcon.colcon_core.package_discovery:discover_packages(recursive) discover
[0.853s] INFO:colcon.colcon_core.package_discovery:Crawling recursively for packages in '/home/evang/projects/zefiro/Autopilot/zefiro_autonomy'
[0.854s] Level 1:colcon.colcon_core.package_identification:_identify(.) by extensions ['ignore', 'ignore_ament_install']
[0.854s] Level 1:colcon.colcon_core.package_identification:_identify(.) by extension 'ignore'
[0.854s] Level 1:colcon.colcon_core.package_identification:_identify(.) by extension 'ignore_ament_install'
[0.854s] Level 1:colcon.colcon_core.package_identification:_identify(.) by extensions ['colcon_pkg']
[0.854s] Level 1:colcon.colcon_core.package_identification:_identify(.) by extension 'colcon_pkg'
[0.854s] Level 1:colcon.colcon_core.package_identification:_identify(.) by extensions ['colcon_meta']
[0.854s] Level 1:colcon.colcon_core.package_identification:_identify(.) by extension 'colcon_meta'
[0.854s] Level 1:colcon.colcon_core.package_identification:_identify(.) by extensions ['ros']
[0.854s] Level 1:colcon.colcon_core.package_identification:_identify(.) by extension 'ros'
[0.915s] Level 1:colcon.colcon_core.package_identification:_identify(.) by extensions ['cmake', 'python']
[0.915s] Level 1:colcon.colcon_core.package_identification:_identify(.) by extension 'cmake'
[0.915s] Level 1:colcon.colcon_core.package_identification:_identify(.) by extension 'python'
[0.915s] Level 1:colcon.colcon_core.package_identification:_identify(.) by extensions ['python_setup_py']
[0.916s] Level 1:colcon.colcon_core.package_identification:_identify(.) by extension 'python_setup_py'
[0.916s] Level 1:colcon.colcon_core.package_identification:_identify(build) by extensions ['ignore', 'ignore_ament_install']
[0.916s] Level 1:colcon.colcon_core.package_identification:_identify(build) by extension 'ignore'
[0.916s] Level 1:colcon.colcon_core.package_identification:_identify(build) ignored
[0.916s] Level 1:colcon.colcon_core.package_identification:_identify(docs) by extensions ['ignore', 'ignore_ament_install']
[0.916s] Level 1:colcon.colcon_core.package_identification:_identify(docs) by extension 'ignore'
[0.917s] Level 1:colcon.colcon_core.package_identification:_identify(docs) by extension 'ignore_ament_install'
[0.917s] Level 1:colcon.colcon_core.package_identification:_identify(docs) by extensions ['colcon_pkg']
[0.917s] Level 1:colcon.colcon_core.package_identification:_identify(docs) by extension 'colcon_pkg'
[0.917s] Level 1:colcon.colcon_core.package_identification:_identify(docs) by extensions ['colcon_meta']
[0.917s] Level 1:colcon.colcon_core.package_identification:_identify(docs) by extension 'colcon_meta'
[0.917s] Level 1:colcon.colcon_core.package_identification:_identify(docs) by extensions ['ros']
[0.917s] Level 1:colcon.colcon_core.package_identification:_identify(docs) by extension 'ros'
[0.917s] Level 1:colcon.colcon_core.package_identification:_identify(docs) by extensions ['cmake', 'python']
[0.917s] Level 1:colcon.colcon_core.package_identification:_identify(docs) by extension 'cmake'
[0.917s] Level 1:colcon.colcon_core.package_identification:_identify(docs) by extension 'python'
[0.917s] Level 1:colcon.colcon_core.package_identification:_identify(docs) by extensions ['python_setup_py']
[0.917s] Level 1:colcon.colcon_core.package_identification:_identify(docs) by extension 'python_setup_py'
[0.918s] Level 1:colcon.colcon_core.package_identification:_identify(install) by extensions ['ignore', 'ignore_ament_install']
[0.918s] Level 1:colcon.colcon_core.package_identification:_identify(install) by extension 'ignore'
[0.918s] Level 1:colcon.colcon_core.package_identification:_identify(install) ignored
[0.918s] Level 1:colcon.colcon_core.package_identification:_identify(log) by extensions ['ignore', 'ignore_ament_install']
[0.918s] Level 1:colcon.colcon_core.package_identification:_identify(log) by extension 'ignore'
[0.918s] Level 1:colcon.colcon_core.package_identification:_identify(log) ignored
[0.918s] Level 1:colcon.colcon_core.package_identification:_identify(src) by extensions ['ignore', 'ignore_ament_install']
[0.919s] Level 1:colcon.colcon_core.package_identification:_identify(src) by extension 'ignore'
[0.919s] Level 1:colcon.colcon_core.package_identification:_identify(src) by extension 'ignore_ament_install'
[0.919s] Level 1:colcon.colcon_core.package_identification:_identify(src) by extensions ['colcon_pkg']
[0.919s] Level 1:colcon.colcon_core.package_identification:_identify(src) by extension 'colcon_pkg'
[0.919s] Level 1:colcon.colcon_core.package_identification:_identify(src) by extensions ['colcon_meta']
[0.919s] Level 1:colcon.colcon_core.package_identification:_identify(src) by extension 'colcon_meta'
[0.919s] Level 1:colcon.colcon_core.package_identification:_identify(src) by extensions ['ros']
[0.919s] Level 1:colcon.colcon_core.package_identification:_identify(src) by extension 'ros'
[0.920s] Level 1:colcon.colcon_core.package_identification:_identify(src) by extensions ['cmake', 'python']
[0.920s] Level 1:colcon.colcon_core.package_identification:_identify(src) by extension 'cmake'
[0.920s] Level 1:colcon.colcon_core.package_identification:_identify(src) by extension 'python'
[0.920s] Level 1:colcon.colcon_core.package_identification:_identify(src) by extensions ['python_setup_py']
[0.920s] Level 1:colcon.colcon_core.package_identification:_identify(src) by extension 'python_setup_py'
[0.920s] Level 1:colcon.colcon_core.package_identification:_identify(src/zefiro_demo) by extensions ['ignore', 'ignore_ament_install']
[0.920s] Level 1:colcon.colcon_core.package_identification:_identify(src/zefiro_demo) by extension 'ignore'
[0.921s] Level 1:colcon.colcon_core.package_identification:_identify(src/zefiro_demo) by extension 'ignore_ament_install'
[0.921s] Level 1:colcon.colcon_core.package_identification:_identify(src/zefiro_demo) by extensions ['colcon_pkg']
[0.921s] Level 1:colcon.colcon_core.package_identification:_identify(src/zefiro_demo) by extension 'colcon_pkg'
[0.921s] Level 1:colcon.colcon_core.package_identification:_identify(src/zefiro_demo) by extensions ['colcon_meta']
[0.921s] Level 1:colcon.colcon_core.package_identification:_identify(src/zefiro_demo) by extension 'colcon_meta'
[0.921s] Level 1:colcon.colcon_core.package_identification:_identify(src/zefiro_demo) by extensions ['ros']
[0.921s] Level 1:colcon.colcon_core.package_identification:_identify(src/zefiro_demo) by extension 'ros'
[0.926s] DEBUG:colcon.colcon_core.package_identification:Package 'src/zefiro_demo' with type 'ros.ament_python' and name 'zefiro_demo'
[0.926s] Level 1:colcon.colcon_core.package_discovery:discover_packages(recursive) using defaults
[0.926s] Level 1:colcon.colcon_core.package_discovery:discover_packages(ignore) discover
[0.926s] Level 1:colcon.colcon_core.package_discovery:discover_packages(ignore) using defaults
[0.926s] Level 1:colcon.colcon_core.package_discovery:discover_packages(path) discover
[0.926s] Level 1:colcon.colcon_core.package_discovery:discover_packages(path) using defaults
[0.975s] Level 1:colcon.colcon_core.package_discovery:discover_packages(prefix_path) check parameters
[0.975s] Level 1:colcon.colcon_core.package_discovery:discover_packages(prefix_path) discover
[0.983s] DEBUG:colcon.colcon_installed_package_information.package_discovery:Found 286 installed packages in /opt/ros/jazzy
[0.988s] Level 1:colcon.colcon_core.package_discovery:discover_packages(prefix_path) using defaults
[1.088s] Level 5:colcon.colcon_core.verb:set package 'zefiro_demo' build argument 'cmake_args' from command line to 'None'
[1.088s] Level 5:colcon.colcon_core.verb:set package 'zefiro_demo' build argument 'cmake_target' from command line to 'None'
[1.088s] Level 5:colcon.colcon_core.verb:set package 'zefiro_demo' build argument 'cmake_target_skip_unavailable' from command line to 'False'
[1.088s] Level 5:colcon.colcon_core.verb:set package 'zefiro_demo' build argument 'cmake_clean_cache' from command line to 'False'
[1.088s] Level 5:colcon.colcon_core.verb:set package 'zefiro_demo' build argument 'cmake_clean_first' from command line to 'False'
[1.088s] Level 5:colcon.colcon_core.verb:set package 'zefiro_demo' build argument 'cmake_force_configure' from command line to 'False'
[1.088s] Level 5:colcon.colcon_core.verb:set package 'zefiro_demo' build argument 'ament_cmake_args' from command line to 'None'
[1.088s] Level 5:colcon.colcon_core.verb:set package 'zefiro_demo' build argument 'catkin_cmake_args' from command line to 'None'
[1.088s] Level 5:colcon.colcon_core.verb:set package 'zefiro_demo' build argument 'catkin_skip_building_tests' from command line to 'False'
[1.088s] DEBUG:colcon.colcon_core.verb:Building package 'zefiro_demo' with the following arguments: {'ament_cmake_args': None, 'build_base': '/home/evang/projects/zefiro/Autopilot/zefiro_autonomy/build/zefiro_demo', 'catkin_cmake_args': None, 'catkin_skip_building_tests': False, 'cmake_args': None, 'cmake_clean_cache': False, 'cmake_clean_first': False, 'cmake_force_configure': False, 'cmake_target': None, 'cmake_target_skip_unavailable': False, 'install_base': '/home/evang/projects/zefiro/Autopilot/zefiro_autonomy/install/zefiro_demo', 'merge_install': False, 'path': '/home/evang/projects/zefiro/Autopilot/zefiro_autonomy/src/zefiro_demo', 'symlink_install': False, 'test_result_base': None}
[1.088s] INFO:colcon.colcon_core.executor:Executing jobs using 'parallel' executor
[1.091s] DEBUG:colcon.colcon_parallel_executor.executor.parallel:run_until_complete
[1.091s] INFO:colcon.colcon_ros.task.ament_python.build:Building ROS package in '/home/evang/projects/zefiro/Autopilot/zefiro_autonomy/src/zefiro_demo' with build type 'ament_python'
[1.092s] Level 1:colcon.colcon_core.shell:create_environment_hook('zefiro_demo', 'ament_prefix_path')
[1.099s] INFO:colcon.colcon_core.plugin_system:Skipping extension 'colcon_core.shell.bat': Not used on non-Windows systems
[1.100s] INFO:colcon.colcon_core.shell:Creating environment hook '/home/evang/projects/zefiro/Autopilot/zefiro_autonomy/install/zefiro_demo/share/zefiro_demo/hook/ament_prefix_path.ps1'
[1.103s] INFO:colcon.colcon_core.shell:Creating environment descriptor '/home/evang/projects/zefiro/Autopilot/zefiro_autonomy/install/zefiro_demo/share/zefiro_demo/hook/ament_prefix_path.dsv'
[1.105s] INFO:colcon.colcon_core.shell:Creating environment hook '/home/evang/projects/zefiro/Autopilot/zefiro_autonomy/install/zefiro_demo/share/zefiro_demo/hook/ament_prefix_path.sh'
[1.108s] INFO:colcon.colcon_core.shell:Skip shell extension 'powershell' for command environment: Not usable outside of PowerShell
[1.109s] DEBUG:colcon.colcon_core.shell:Skip shell extension 'dsv' for command environment
[1.720s] INFO:colcon.colcon_core.task.python.build:Building Python package in '/home/evang/projects/zefiro/Autopilot/zefiro_autonomy/src/zefiro_demo'
[1.720s] INFO:colcon.colcon_core.shell:Skip shell extension 'powershell' for command environment: Not usable outside of PowerShell
[1.720s] DEBUG:colcon.colcon_core.shell:Skip shell extension 'dsv' for command environment
[3.508s] DEBUG:colcon.colcon_core.event_handler.log_command:Invoking command in '/home/evang/projects/zefiro/Autopilot/zefiro_autonomy/src/zefiro_demo': DEBUGINFOD_URLS=https://debuginfod.ubuntu.com PYTHONPATH=/home/evang/projects/zefiro/Autopilot/zefiro_autonomy/build/zefiro_demo/prefix_override:/usr/lib/python3/dist-packages/colcon_core/task/python/colcon_distutils_commands:/home/evang/projects/zefiro/Autopilot/zefiro_autonomy/install/zefiro_demo/lib/python3.12/site-packages:${PYTHONPATH} /usr/bin/python3 -W ignore:setup.py install is deprecated -W ignore:easy_install command is deprecated setup.py egg_info --egg-base ../../build/zefiro_demo build --build-base /home/evang/projects/zefiro/Autopilot/zefiro_autonomy/build/zefiro_demo/build install --record /home/evang/projects/zefiro/Autopilot/zefiro_autonomy/build/zefiro_demo/install.log --single-version-externally-managed install_data
[4.925s] DEBUG:colcon.colcon_core.event_handler.log_command:Invoked command in '/home/evang/projects/zefiro/Autopilot/zefiro_autonomy/src/zefiro_demo' returned '0': DEBUGINFOD_URLS=https://debuginfod.ubuntu.com PYTHONPATH=/home/evang/projects/zefiro/Autopilot/zefiro_autonomy/build/zefiro_demo/prefix_override:/usr/lib/python3/dist-packages/colcon_core/task/python/colcon_distutils_commands:/home/evang/projects/zefiro/Autopilot/zefiro_autonomy/install/zefiro_demo/lib/python3.12/site-packages:${PYTHONPATH} /usr/bin/python3 -W ignore:setup.py install is deprecated -W ignore:easy_install command is deprecated setup.py egg_info --egg-base ../../build/zefiro_demo build --build-base /home/evang/projects/zefiro/Autopilot/zefiro_autonomy/build/zefiro_demo/build install --record /home/evang/projects/zefiro/Autopilot/zefiro_autonomy/build/zefiro_demo/install.log --single-version-externally-managed install_data
[4.930s] Level 1:colcon.colcon_core.environment:checking '/home/evang/projects/zefiro/Autopilot/zefiro_autonomy/install/zefiro_demo' for CMake module files
[4.931s] Level 1:colcon.colcon_core.environment:checking '/home/evang/projects/zefiro/Autopilot/zefiro_autonomy/install/zefiro_demo' for CMake config files
[4.933s] Level 1:colcon.colcon_core.environment:checking '/home/evang/projects/zefiro/Autopilot/zefiro_autonomy/install/zefiro_demo/lib'
[4.934s] Level 1:colcon.colcon_core.environment:checking '/home/evang/projects/zefiro/Autopilot/zefiro_autonomy/install/zefiro_demo/bin'
[4.934s] Level 1:colcon.colcon_core.environment:checking '/home/evang/projects/zefiro/Autopilot/zefiro_autonomy/install/zefiro_demo/lib/pkgconfig/zefiro_demo.pc'
[4.934s] Level 1:colcon.colcon_core.environment:checking '/home/evang/projects/zefiro/Autopilot/zefiro_autonomy/install/zefiro_demo/lib/python3.12/site-packages'
[4.935s] Level 1:colcon.colcon_core.shell:create_environment_hook('zefiro_demo', 'pythonpath')
[4.935s] INFO:colcon.colcon_core.shell:Creating environment hook '/home/evang/projects/zefiro/Autopilot/zefiro_autonomy/install/zefiro_demo/share/zefiro_demo/hook/pythonpath.ps1'
[4.936s] INFO:colcon.colcon_core.shell:Creating environment descriptor '/home/evang/projects/zefiro/Autopilot/zefiro_autonomy/install/zefiro_demo/share/zefiro_demo/hook/pythonpath.dsv'
[4.937s] INFO:colcon.colcon_core.shell:Creating environment hook '/home/evang/projects/zefiro/Autopilot/zefiro_autonomy/install/zefiro_demo/share/zefiro_demo/hook/pythonpath.sh'
[4.939s] Level 1:colcon.colcon_core.environment:checking '/home/evang/projects/zefiro/Autopilot/zefiro_autonomy/install/zefiro_demo/bin'
[4.939s] Level 1:colcon.colcon_core.environment:create_environment_scripts_only(zefiro_demo)
[4.940s] INFO:colcon.colcon_core.shell:Creating package script '/home/evang/projects/zefiro/Autopilot/zefiro_autonomy/install/zefiro_demo/share/zefiro_demo/package.ps1'
[4.941s] INFO:colcon.colcon_core.shell:Creating package descriptor '/home/evang/projects/zefiro/Autopilot/zefiro_autonomy/install/zefiro_demo/share/zefiro_demo/package.dsv'
[4.942s] INFO:colcon.colcon_core.shell:Creating package script '/home/evang/projects/zefiro/Autopilot/zefiro_autonomy/install/zefiro_demo/share/zefiro_demo/package.sh'
[4.944s] INFO:colcon.colcon_core.shell:Creating package script '/home/evang/projects/zefiro/Autopilot/zefiro_autonomy/install/zefiro_demo/share/zefiro_demo/package.bash'
[4.947s] INFO:colcon.colcon_core.shell:Creating package script '/home/evang/projects/zefiro/Autopilot/zefiro_autonomy/install/zefiro_demo/share/zefiro_demo/package.zsh'
[4.948s] Level 1:colcon.colcon_core.environment:create_file_with_runtime_dependencies(/home/evang/projects/zefiro/Autopilot/zefiro_autonomy/install/zefiro_demo/share/colcon-core/packages/zefiro_demo)
[4.951s] DEBUG:colcon.colcon_parallel_executor.executor.parallel:closing loop
[4.952s] DEBUG:colcon.colcon_parallel_executor.executor.parallel:loop closed
[4.952s] DEBUG:colcon.colcon_parallel_executor.executor.parallel:run_until_complete finished with '0'
[4.952s] DEBUG:colcon.colcon_core.event_reactor:joining thread
[4.965s] INFO:colcon.colcon_core.plugin_system:Skipping extension 'colcon_notification.desktop_notification.terminal_notifier': Not used on non-Darwin systems
[4.965s] INFO:colcon.colcon_core.plugin_system:Skipping extension 'colcon_notification.desktop_notification.win32': Not used on non-Windows systems
[4.965s] INFO:colcon.colcon_notification.desktop_notification:Sending desktop notification using 'notify2'
[4.965s] DEBUG:colcon.colcon_notification.desktop_notification.notify2:Failed to initialize notify2: org.freedesktop.DBus.Error.AccessDenied: Failed to connect to socket /run/user/1000/bus: Operation not permitted
[4.965s] DEBUG:colcon.colcon_core.event_reactor:joined thread
[4.966s] INFO:colcon.colcon_core.shell:Creating prefix script '/home/evang/projects/zefiro/Autopilot/zefiro_autonomy/install/local_setup.ps1'
[4.969s] INFO:colcon.colcon_core.shell:Creating prefix util module '/home/evang/projects/zefiro/Autopilot/zefiro_autonomy/install/_local_setup_util_ps1.py'
[4.972s] INFO:colcon.colcon_core.shell:Creating prefix chain script '/home/evang/projects/zefiro/Autopilot/zefiro_autonomy/install/setup.ps1'
[4.973s] INFO:colcon.colcon_core.shell:Creating prefix script '/home/evang/projects/zefiro/Autopilot/zefiro_autonomy/install/local_setup.sh'
[4.975s] INFO:colcon.colcon_core.shell:Creating prefix util module '/home/evang/projects/zefiro/Autopilot/zefiro_autonomy/install/_local_setup_util_sh.py'
[4.977s] INFO:colcon.colcon_core.shell:Creating prefix chain script '/home/evang/projects/zefiro/Autopilot/zefiro_autonomy/install/setup.sh'
[4.978s] INFO:colcon.colcon_core.shell:Creating prefix script '/home/evang/projects/zefiro/Autopilot/zefiro_autonomy/install/local_setup.bash'
[4.979s] INFO:colcon.colcon_core.shell:Creating prefix chain script '/home/evang/projects/zefiro/Autopilot/zefiro_autonomy/install/setup.bash'
[4.981s] INFO:colcon.colcon_core.shell:Creating prefix script '/home/evang/projects/zefiro/Autopilot/zefiro_autonomy/install/local_setup.zsh'
[4.982s] INFO:colcon.colcon_core.shell:Creating prefix chain script '/home/evang/projects/zefiro/Autopilot/zefiro_autonomy/install/setup.zsh'
